Iteration	Posterior	Likelihood	Tree Prior	Pi[0]	Pi[1]	Pi[2]	Pi[3]
100	-5904.785332	-5889.547399	-15.237933	0.189643	0.216622	0.268498	0.325237
200	-5900.165422	-5884.923814	-15.241607	0.259903	0.232487	0.240555	0.267054
300	-5900.702404	-5885.456070	-15.246334	0.208827	0.234647	0.287232	0.269294
400	-5899.706809	-5884.459019	-15.247790	0.204357	0.238985	0.252515	0.304143
500	-5898.407361	-5883.165477	-15.241883	0.232543	0.249920	0.247703	0.269834
600	-5897.103022	-5881.855192	-15.247830	0.208870	0.219275	0.277302	0.294553
700	-5896.904067	-5881.657747	-15.246320	0.208870	0.219275	0.277302	0.294553
800	-5898.686214	-5883.449989	-15.236225	0.218714	0.216092	0.224540	0.340654
900	-5899.056939	-5883.822120	-15.234819	0.210971	0.235978	0.277001	0.276050
1000	-5900.058500	-5884.825083	-15.233417	0.246911	0.215832	0.278078	0.259178
1100	-5903.894762	-5888.671032	-15.223730	0.195740	0.234685	0.266168	0.303407
1200	-5905.079585	-5889.847675	-15.231910	0.207468	0.205380	0.288302	0.298850
1300	-5903.316308	-5888.085232	-15.231076	0.207468	0.205380	0.288302	0.298850
1400	-5907.488115	-5892.264726	-15.223389	0.204493	0.272624	0.217880	0.305003
1500	-5900.930465	-5885.708694	-15.221771	0.209074	0.238187	0.274239	0.278499
1600	-5897.398465	-5882.174371	-15.224094	0.241970	0.232182	0.243872	0.281975
1700	-5901.950767	-5886.724645	-15.226122	0.241970	0.232182	0.243872	0.281975
1800	-5900.261635	-5885.038237	-15.223398	0.181033	0.251997	0.253171	0.313800
1900	-5901.785762	-5886.564990	-15.220772	0.220006	0.197906	0.280561	0.301528
2000	-5900.365331	-5885.152917	-15.212414	0.230026	0.238807	0.260404	0.270764
2100	-5899.594534	-5884.383274	-15.211261	0.230026	0.238807	0.260404	0.270764
2200	-5900.396394	-5885.186390	-15.210005	0.235780	0.223324	0.287338	0.253557
2300	-5900.733748	-5885.524313	-15.209435	0.194181	0.279274	0.242396	0.284149
2400	-5902.730528	-5887.525078	-15.205450	0.214771	0.246329	0.204004	0.334896
2500	-5901.228639	-5886.019283	-15.209357	0.217713	0.228133	0.271731	0.282423
2600	-5900.305528	-5885.098730	-15.206798	0.215406	0.223767	0.277464	0.283363
2700	-5904.283550	-5889.075128	-15.208422	0.228155	0.243326	0.257751	0.270769
2800	-5903.723276	-5888.513498	-15.209778	0.207871	0.287458	0.233960	0.270711
2900	-5903.042349	-5887.831930	-15.210419	0.262825	0.202521	0.265150	0.269504
3000	-5898.595249	-5883.387655	-15.207594	0.249333	0.252360	0.232438	0.265870
3100	-5901.496856	-5886.286006	-15.210850	0.247808	0.207523	0.245483	0.299186
3200	-5897.835113	-5882.624491	-15.210622	0.238521	0.236309	0.261612	0.263557
3300	-5901.688997	-5886.478630	-15.210368	0.220960	0.248949	0.247565	0.282526
3400	-5900.652472	-5885.441621	-15.210851	0.222279	0.255346	0.246331	0.276044
3500	-5901.512233	-5886.294863	-15.217371	0.240971	0.219147	0.244239	0.295643
3600	-5898.092676	-5882.878843	-15.213833	0.211141	0.229103	0.247015	0.312740
3700	-5899.385074	-5884.166237	-15.218838	0.198503	0.256573	0.240926	0.303998
3800	-5895.841206	-5880.615373	-15.225833	0.198503	0.256573	0.240926	0.303998
3900	-5899.668083	-5884.436293	-15.231790	0.198503	0.256573	0.240926	0.303998
4000	-5897.108862	-5881.873035	-15.235827	0.228348	0.236199	0.233201	0.302251
4100	-5901.156466	-5885.921316	-15.235150	0.236140	0.204328	0.260199	0.299334
4200	-5900.588481	-5885.352068	-15.236413	0.233828	0.234305	0.265266	0.266600
4300	-5903.380385	-5888.148856	-15.231529	0.181871	0.242013	0.287830	0.288285
4400	-5898.627528	-5883.395033	-15.232495	0.226562	0.216780	0.246060	0.310597
4500	-5901.907223	-5886.673497	-15.233726	0.171817	0.233878	0.273145	0.321161
4600	-5901.442994	-5886.205455	-15.237540	0.218657	0.193071	0.270957	0.317315
4700	-5896.988988	-5881.756932	-15.232056	0.220022	0.208307	0.243010	0.328660
4800	-5899.075944	-5883.846713	-15.229231	0.220022	0.208307	0.243010	0.328660
4900	-5902.194255	-5886.957817	-15.236439	0.264298	0.220835	0.235174	0.279692
5000	-5901.557645	-5886.323970	-15.233675	0.209550	0.232940	0.219699	0.337811
5100	-5901.816137	-5886.587295	-15.228842	0.216668	0.243567	0.227968	0.311797
5200	-5906.810270	-5891.580847	-15.229423	0.268686	0.208645	0.237264	0.285406
5300	-5898.243166	-5883.014253	-15.228913	0.225267	0.235086	0.241163	0.298484
5400	-5903.354731	-5888.127483	-15.227248	0.236079	0.193414	0.277745	0.292763
5500	-5902.282574	-5887.060848	-15.221725	0.214183	0.216684	0.223124	0.346009
5600	-5902.614411	-5887.391487	-15.222924	0.209643	0.241452	0.247201	0.301704
5700	-5899.976817	-5884.754100	-15.222716	0.240057	0.225183	0.222014	0.312746
5800	-5903.979570	-5888.753012	-15.226557	0.240057	0.225183	0.222014	0.312746
5900	-5901.841115	-5886.615457	-15.225657	0.256712	0.233297	0.217893	0.292098
6000	-5899.517781	-5884.290989	-15.226793	0.188848	0.243340	0.248996	0.318816
6100	-5900.270054	-5885.040821	-15.229233	0.197210	0.244690	0.268558	0.289541
6200	-5898.680661	-5883.449898	-15.230763	0.247694	0.216077	0.257640	0.278588
6300	-5898.694107	-5883.461740	-15.232366	0.247694	0.216077	0.257640	0.278588
6400	-5899.104013	-5883.875898	-15.228115	0.204409	0.226448	0.296535	0.272608
6500	-5896.568244	-5881.341702	-15.226541	0.246882	0.215880	0.255380	0.281858
6600	-5901.693947	-5886.460840	-15.233107	0.238903	0.220313	0.259172	0.281612
6700	-5897.649509	-5882.417089	-15.232420	0.223176	0.239053	0.244494	0.293276
6800	-5898.986984	-5883.753449	-15.233535	0.237665	0.222652	0.245801	0.293882
6900	-5902.102669	-5886.869425	-15.233244	0.221928	0.253390	0.248480	0.276202
7000	-5899.079003	-5883.848556	-15.230447	0.221928	0.253390	0.248480	0.276202
7100	-5901.820563	-5886.594039	-15.226524	0.229468	0.202214	0.257840	0.310478
7200	-5903.119495	-5887.886989	-15.232505	0.240945	0.192811	0.247723	0.318521
7300	-5898.024327	-5882.788181	-15.236146	0.228125	0.211073	0.244449	0.316353
7400	-5900.434781	-5885.200157	-15.234624	0.226285	0.223250	0.251034	0.299431
7500	-5896.269481	-5881.037762	-15.231719	0.199519	0.252378	0.241513	0.306590
7600	-5897.298427	-5882.070706	-15.227722	0.177727	0.257063	0.240622	0.324588
7700	-5901.147408	-5885.920806	-15.226602	0.250091	0.213584	0.276368	0.259957
7800	-5901.022481	-5885.793913	-15.228568	0.188649	0.223324	0.251629	0.336398
7900	-5900.618823	-5885.397005	-15.221819	0.196517	0.245779	0.239803	0.317901
8000	-5899.435146	-5884.215364	-15.219782	0.221405	0.225460	0.294012	0.259122
8100	-5902.006927	-5886.782855	-15.224072	0.179230	0.220951	0.248215	0.351604
8200	-5899.589188	-5884.367598	-15.221590	0.202841	0.218452	0.229665	0.349042
8300	-5900.516790	-5885.294702	-15.222088	0.202841	0.218452	0.229665	0.349042
8400	-5898.809270	-5883.588650	-15.220621	0.218880	0.234928	0.217320	0.328871
8500	-5900.961532	-5885.738923	-15.222609	0.248955	0.193282	0.226782	0.330982
8600	-5897.289512	-5882.066175	-15.223337	0.216670	0.239636	0.261561	0.282133
8700	-5903.338284	-5888.112893	-15.225390	0.198464	0.242309	0.223728	0.335499
8800	-5901.135902	-5885.909738	-15.226164	0.241911	0.255830	0.220361	0.281898
8900	-5899.618963	-5884.396547	-15.222416	0.205850	0.249420	0.244939	0.299791
9000	-5905.285745	-5890.057202	-15.228543	0.173147	0.229520	0.268706	0.328627
9100	-5900.984311	-5885.749937	-15.234375	0.223727	0.222468	0.226141	0.327665
9200	-5900.494179	-5885.257192	-15.236987	0.231402	0.204415	0.289702	0.274481
9300	-5905.681330	-5890.442194	-15.239136	0.231402	0.204415	0.289702	0.274481
9400	-5905.056402	-5889.820141	-15.236261	0.185898	0.241939	0.260872	0.311291
9500	-5905.010152	-5889.779150	-15.231002	0.204498	0.261493	0.263961	0.270048
9600	-5898.260412	-5883.027042	-15.233370	0.248977	0.237214	0.240738	0.273070
9700	-5902.140380	-5886.904437	-15.235943	0.228750	0.228386	0.285266	0.257598
9800	-5897.824052	-5882.586728	-15.237324	0.234819	0.238751	0.251115	0.275315
9900	-5902.632814	-5887.394512	-15.238302	0.234819	0.238751	0.251115	0.275315
10000	-5898.274602	-5883.032730	-15.241872	0.234819	0.238751	0.251115	0.275315
10100	-5898.646531	-5883.400696	-15.245835	0.231182	0.242915	0.224098	0.301804
10200	-5898.739038	-5883.494491	-15.244547	0.231182	0.242915	0.224098	0.301804
10300	-5897.725778	-5882.481659	-15.244119	0.221186	0.212051	0.258050	0.308713
10400	-5901.440001	-5886.197212	-15.242789	0.200604	0.244421	0.244543	0.310432
10500	-5904.329432	-5889.083236	-15.246196	0.246822	0.196767	0.227483	0.328928
10600	-5900.576449	-5885.335798	-15.240651	0.193064	0.219395	0.235242	0.352299
10700	-5903.162654	-5887.921059	-15.241595	0.201888	0.233442	0.308186	0.256484
10800	-5896.830141	-5881.582855	-15.247286	0.249874	0.222972	0.243838	0.283315
10900	-5900.602330	-5885.355583	-15.246748	0.237616	0.222510	0.243874	0.296000
11000	-5901.682551	-5886.440224	-15.242328	0.237279	0.231380	0.255756	0.275586
11100	-5909.228428	-5893.985428	-15.243000	0.242147	0.228926	0.293018	0.235910
11200	-5904.245017	-5889.001862	-15.243155	0.230751	0.176342	0.268290	0.324617
11300	-5905.152496	-5889.904194	-15.248302	0.266313	0.245142	0.215374	0.273171
11400	-5901.041358	-5885.795036	-15.246321	0.231903	0.203755	0.251198	0.313144
11500	-5900.752178	-5885.502993	-15.249186	0.228602	0.242313	0.253213	0.275872
11600	-5896.920789	-5881.672615	-15.248174	0.228602	0.242313	0.253213	0.275872
11700	-5897.990117	-5882.737563	-15.252554	0.222313	0.230647	0.272030	0.275011
11800	-5904.798588	-5889.544355	-15.254234	0.205585	0.206868	0.281098	0.306448
11900	-5907.698083	-5892.444469	-15.253614	0.236835	0.202561	0.281781	0.278823
12000	-5902.404313	-5887.143889	-15.260424	0.196104	0.255183	0.217954	0.330759
12100	-5897.775946	-5882.512372	-15.263574	0.202324	0.223202	0.250798	0.323676
12200	-5900.179002	-5884.915345	-15.263657	0.227183	0.216727	0.273446	0.282644
12300	-5899.030244	-5883.769300	-15.260945	0.228904	0.242229	0.243888	0.284979
12400	-5901.834741	-5886.571495	-15.263246	0.228904	0.242229	0.243888	0.284979
12500	-5906.340341	-5891.076591	-15.263750	0.229554	0.273765	0.218966	0.277715
12600	-5900.753674	-5885.489617	-15.264057	0.178458	0.262784	0.237035	0.321724
12700	-5895.152438	-5879.888008	-15.264430	0.239345	0.226307	0.240112	0.294236
12800	-5900.653242	-5885.389763	-15.263479	0.197626	0.235652	0.301514	0.265207
12900	-5901.572712	-5886.308464	-15.264248	0.244695	0.220448	0.269212	0.265646
13000	-5899.166928	-5883.903526	-15.263402	0.238438	0.206463	0.267683	0.287416
13100	-5900.421983	-5885.159407	-15.262576	0.240115	0.241118	0.216366	0.302402
13200	-5898.610839	-5883.349272	-15.261567	0.209958	0.213107	0.268134	0.308801
13300	-5902.081006	-5886.818035	-15.262972	0.220071	0.253592	0.252490	0.273848
13400	-5898.924846	-5883.662560	-15.262286	0.221992	0.244678	0.276551	0.256778
13500	-5900.866678	-5885.607680	-15.258998	0.208272	0.257910	0.237720	0.296098
13600	-5899.909855	-5884.651356	-15.258499	0.239777	0.212528	0.258759	0.288936
13700	-5899.456409	-5884.199021	-15.257388	0.239777	0.212528	0.258759	0.288936
13800	-5898.824529	-5883.571024	-15.253505	0.240598	0.226395	0.243622	0.289385
13900	-5897.459626	-5882.213907	-15.245719	0.240598	0.226395	0.243622	0.289385
14000	-5898.215382	-5882.967841	-15.247540	0.240598	0.226395	0.243622	0.289385
14100	-5901.476422	-5886.218423	-15.258000	0.215527	0.248603	0.231258	0.304612
14200	-5898.911013	-5883.650507	-15.260506	0.225752	0.236706	0.247524	0.290019
14300	-5898.398221	-5883.134539	-15.263683	0.225957	0.209183	0.233168	0.331691
14400	-5901.558185	-5886.298493	-15.259692	0.215550	0.261895	0.254668	0.267887
14500	-5899.477890	-5884.219950	-15.257940	0.199266	0.250938	0.240326	0.309470
14600	-5898.586542	-5883.326290	-15.260252	0.245395	0.235620	0.223889	0.295097
14700	-5902.656671	-5887.393125	-15.263547	0.245395	0.235620	0.223889	0.295097
14800	-5900.459890	-5885.191910	-15.267980	0.181147	0.281167	0.250862	0.286825
14900	-5901.602972	-5886.331363	-15.271609	0.240755	0.254956	0.200623	0.303665
15000	-5903.735725	-5888.464240	-15.271486	0.220164	0.211224	0.244699	0.323913
15100	-5898.993742	-5883.725971	-15.267770	0.220164	0.211224	0.244699	0.323913
15200	-5900.548782	-5885.278406	-15.270376	0.220164	0.211224	0.244699	0.323913
15300	-5901.317873	-5886.044374	-15.273499	0.220164	0.211224	0.244699	0.323913
15400	-5902.297526	-5887.023575	-15.273951	0.220164	0.211224	0.244699	0.323913
15500	-5899.431634	-5884.165958	-15.265676	0.220164	0.211224	0.244699	0.323913
15600	-5898.223204	-5882.956435	-15.266769	0.199963	0.245561	0.275337	0.279139
15700	-5899.782604	-5884.515670	-15.266935	0.187842	0.252534	0.245008	0.314616
15800	-5901.696268	-5886.431753	-15.264515	0.187842	0.252534	0.245008	0.314616
15900	-5898.835445	-5883.565306	-15.270139	0.198808	0.246547	0.241480	0.313165
16000	-5896.529929	-5881.257239	-15.272690	0.228387	0.244117	0.235410	0.292087
16100	-5899.304226	-5884.037165	-15.267060	0.247259	0.223756	0.240772	0.288213
16200	-5899.110122	-5883.841951	-15.268171	0.224740	0.206973	0.283962	0.284324
16300	-5901.109409	-5885.838539	-15.270871	0.260294	0.242347	0.231427	0.265933
16400	-5898.370945	-5883.099199	-15.271746	0.218588	0.232763	0.230817	0.317832
16500	-5902.762074	-5887.491625	-15.270449	0.221687	0.210823	0.293533	0.273957
16600	-5899.218593	-5883.944099	-15.274494	0.221687	0.210823	0.293533	0.273957
16700	-5895.355162	-5880.084065	-15.271097	0.195038	0.223448	0.276331	0.305182
16800	-5900.804344	-5885.533992	-15.270352	0.195038	0.223448	0.276331	0.305182
16900	-5900.817077	-5885.544451	-15.272626	0.261031	0.225001	0.221272	0.292695
17000	-5902.075005	-5886.802454	-15.272550	0.197382	0.245291	0.273100	0.284226
17100	-5903.525818	-5888.252625	-15.273193	0.197382	0.245291	0.273100	0.284226
17200	-5895.298614	-5880.021437	-15.277176	0.192903	0.247899	0.253566	0.305633
17300	-5898.748008	-5883.473018	-15.274990	0.227396	0.202239	0.281748	0.288617
17400	-5901.084169	-5885.806439	-15.277730	0.222075	0.198581	0.256117	0.323227
17500	-5898.269927	-5882.991323	-15.278604	0.181082	0.241104	0.266616	0.311198
17600	-5898.271515	-5882.989822	-15.281692	0.208130	0.217201	0.272382	0.302287
17700	-5895.786508	-5880.498816	-15.287691	0.223858	0.209804	0.261586	0.304752
17800	-5898.987944	-5883.704664	-15.283280	0.225857	0.221767	0.248478	0.303897
17900	-5903.023231	-5887.745612	-15.277619	0.177583	0.234456	0.241571	0.346391
18000	-5902.629281	-5887.347865	-15.281415	0.177583	0.234456	0.241571	0.346391
18100	-5898.072307	-5882.785193	-15.287114	0.211728	0.232602	0.287914	0.267757
18200	-5899.208954	-5883.926437	-15.282517	0.235264	0.224804	0.259967	0.279966
18300	-5900.242923	-5884.966021	-15.276902	0.230371	0.196350	0.248817	0.324462
18400	-5900.733557	-5885.464869	-15.268687	0.208877	0.268792	0.239596	0.282735
18500	-5899.677210	-5884.404267	-15.272943	0.208877	0.268792	0.239596	0.282735
18600	-5899.698366	-5884.424845	-15.273521	0.208877	0.268792	0.239596	0.282735
18700	-5896.824277	-5881.550736	-15.273542	0.237841	0.222225	0.244906	0.295027
18800	-5900.193050	-5884.917620	-15.275430	0.212685	0.210880	0.241396	0.335039
18900	-5902.970222	-5887.698796	-15.271426	0.175158	0.253980	0.254428	0.316434
19000	-5903.354208	-5888.077039	-15.277169	0.196713	0.212670	0.248703	0.341914
19100	-5902.151162	-5886.876921	-15.274241	0.196713	0.212670	0.248703	0.341914
19200	-5898.714388	-5883.438219	-15.276169	0.224665	0.244142	0.284170	0.247022
19300	-5898.406076	-5883.130573	-15.275503	0.219521	0.207572	0.248527	0.324380
19400	-5900.582188	-5885.307075	-15.275113	0.219521	0.207572	0.248527	0.324380
19500	-5903.391630	-5888.112569	-15.279061	0.187291	0.270833	0.267055	0.274821
19600	-5904.067414	-5888.793959	-15.273455	0.222621	0.270442	0.256976	0.249960
19700	-5901.870255	-5886.599832	-15.270424	0.233405	0.226206	0.269774	0.270615
19800	-5900.694438	-5885.423095	-15.271343	0.219496	0.227618	0.249407	0.303479
19900	-5903.658641	-5888.387762	-15.270879	0.224704	0.218452	0.261934	0.294910
20000	-5901.427001	-5886.161774	-15.265227	0.241490	0.194129	0.261746	0.302636
20100	-5904.694142	-5889.428135	-15.266007	0.231059	0.269460	0.219939	0.279542
20200	-5900.778900	-5885.510975	-15.267925	0.186748	0.220997	0.288616	0.303640
20300	-5906.520903	-5891.245833	-15.275069	0.186748	0.220997	0.288616	0.303640
20400	-5902.654219	-5887.384679	-15.269540	0.251967	0.234323	0.232325	0.281385
20500	-5900.780978	-5885.509659	-15.271319	0.221820	0.234682	0.215997	0.327501
20600	-5897.422233	-5882.148353	-15.273881	0.257827	0.230344	0.244709	0.267120
20700	-5901.463245	-5886.196926	-15.266319	0.202076	0.217309	0.231226	0.349389
20800	-5900.376461	-5885.119477	-15.256984	0.202076	0.217309	0.231226	0.349389
20900	-5904.589189	-5889.338087	-15.251101	0.253583	0.195479	0.254207	0.296731
21000	-5900.418827	-5885.172273	-15.246554	0.213216	0.253073	0.255700	0.278011
21100	-5903.766598	-5888.514564	-15.252035	0.213216	0.253073	0.255700	0.278011
21200	-5900.420085	-5885.169154	-15.250931	0.199320	0.247311	0.258010	0.295359
21300	-5897.930658	-5882.683296	-15.247362	0.199320	0.247311	0.258010	0.295359
21400	-5902.257728	-5887.012050	-15.245678	0.240202	0.215989	0.237900	0.305910
21500	-5904.682052	-5889.438197	-15.243855	0.236842	0.232812	0.259813	0.270533
21600	-5900.481098	-5885.237515	-15.243582	0.236842	0.232812	0.259813	0.270533
21700	-5896.920088	-5881.676007	-15.244080	0.204096	0.229120	0.256026	0.310758
21800	-5899.812814	-5884.572238	-15.240576	0.204096	0.229120	0.256026	0.310758
21900	-5899.052942	-5883.813741	-15.239201	0.204096	0.229120	0.256026	0.310758
22000	-5900.218003	-5884.979631	-15.238372	0.239250	0.252401	0.206290	0.302060
22100	-5907.287619	-5892.050270	-15.237348	0.222369	0.229047	0.251839	0.296744
22200	-5903.861302	-5888.622515	-15.238787	0.227839	0.223039	0.242432	0.306690
22300	-5899.520014	-5884.271825	-15.248189	0.227839	0.223039	0.242432	0.306690
22400	-5899.871957	-5884.623998	-15.247960	0.227839	0.223039	0.242432	0.306690
22500	-5899.572508	-5884.324760	-15.247748	0.234849	0.209010	0.267545	0.288597
22600	-5899.054340	-5883.806571	-15.247769	0.195869	0.237447	0.242554	0.324130
22700	-5901.717973	-5886.465998	-15.251975	0.195869	0.237447	0.242554	0.324130
22800	-5900.080982	-5884.827856	-15.253126	0.201963	0.228295	0.267909	0.301833
22900	-5899.042294	-5883.789528	-15.252767	0.221458	0.257014	0.242528	0.278999
23000	-5898.609662	-5883.353127	-15.256535	0.191902	0.228096	0.270547	0.309455
23100	-5901.971684	-5886.727159	-15.244525	0.212845	0.261204	0.262191	0.263760
23200	-5900.922313	-5885.678988	-15.243325	0.207375	0.232568	0.245167	0.314890
23300	-5897.645539	-5882.400821	-15.244719	0.207375	0.232568	0.245167	0.314890
23400	-5897.812018	-5882.567300	-15.244719	0.207375	0.232568	0.245167	0.314890
23500	-5896.235848	-5880.981809	-15.254039	0.219267	0.247972	0.244319	0.288441
23600	-5899.326974	-5884.073291	-15.253683	0.222709	0.248362	0.268741	0.260188
23700	-5903.189581	-5887.928452	-15.261129	0.243988	0.245632	0.267563	0.242817
23800	-5904.420306	-5889.162746	-15.257560	0.232444	0.204597	0.243570	0.319390
23900	-5902.118513	-5886.858142	-15.260372	0.205849	0.226022	0.306209	0.261920
24000	-5902.632331	-5887.371966	-15.260364	0.207042	0.219440	0.273727	0.299790
24100	-5901.706934	-5886.444543	-15.262391	0.231975	0.205015	0.269450	0.293560
24200	-5902.795766	-5887.531040	-15.264726	0.231975	0.205015	0.269450	0.293560
24300	-5899.428783	-5884.158600	-15.270183	0.242394	0.206948	0.251787	0.298870
24400	-5898.205603	-5882.925460	-15.280144	0.218789	0.214760	0.282634	0.283817
24500	-5900.046853	-5884.766216	-15.280637	0.206772	0.213181	0.268806	0.311241
24600	-5904.793732	-5889.511879	-15.281853	0.206772	0.213181	0.268806	0.311241
24700	-5897.733991	-5882.451749	-15.282242	0.217159	0.248418	0.274264	0.260159
24800	-5897.228526	-5881.941899	-15.286627	0.228539	0.245586	0.259913	0.265962
24900	-5898.498728	-5883.211336	-15.287392	0.203452	0.246154	0.277472	0.272921
25000	-5897.943502	-5882.654721	-15.288781	0.203452	0.246154	0.277472	0.272921
25100	-5899.303290	-5884.016132	-15.287159	0.219323	0.221007	0.244512	0.315158
25200	-5900.163330	-5884.885661	-15.277669	0.230071	0.231935	0.235330	0.302664
25300	-5900.913224	-5885.631095	-15.282129	0.211286	0.251831	0.251552	0.285332
25400	-5898.607884	-5883.323348	-15.284536	0.217804	0.221261	0.243591	0.317343
25500	-5896.695771	-5881.409095	-15.286676	0.217804	0.221261	0.243591	0.317343
25600	-5896.829108	-5881.533344	-15.295763	0.197003	0.244649	0.259524	0.298825
25700	-5899.202020	-5883.903398	-15.298623	0.204338	0.213616	0.271782	0.310264
25800	-5903.825003	-5888.524365	-15.300637	0.210914	0.268075	0.275487	0.245524
25900	-5903.215354	-5887.914044	-15.301310	0.157767	0.214799	0.303122	0.324313
26000	-5899.559185	-5884.258691	-15.300493	0.175126	0.214738	0.296231	0.313905
26100	-5901.789011	-5886.489582	-15.299428	0.217920	0.218472	0.255120	0.308489
26200	-5900.471575	-5885.168049	-15.303526	0.251670	0.236956	0.242741	0.268634
26300	-5898.766863	-5883.461047	-15.305815	0.224068	0.212413	0.249218	0.314302
26400	-5902.823862	-5887.523660	-15.300203	0.225594	0.221452	0.241575	0.311379
26500	-5899.436347	-5884.133621	-15.302726	0.236133	0.245540	0.219382	0.298946
26600	-5900.599082	-5885.292755	-15.306327	0.228022	0.219921	0.265950	0.286107
26700	-5898.428867	-5883.121474	-15.307393	0.232385	0.224864	0.231149	0.311601
26800	-5899.242922	-5883.933934	-15.308989	0.211593	0.209609	0.285316	0.293482
26900	-5899.742221	-5884.432141	-15.310080	0.217564	0.220118	0.265332	0.296986
27000	-5897.697298	-5882.384977	-15.312321	0.198535	0.248100	0.266767	0.286597
27100	-5902.367436	-5887.052228	-15.315208	0.223287	0.267340	0.249027	0.260347
27200	-5902.979450	-5887.666317	-15.313133	0.272125	0.240351	0.235539	0.251985
27300	-5899.715138	-5884.397508	-15.317630	0.230172	0.218365	0.286856	0.264607
27400	-5899.818894	-5884.503046	-15.315848	0.216579	0.239813	0.290767	0.252841
27500	-5899.814789	-5884.494017	-15.320772	0.189947	0.232983	0.247478	0.329593
27600	-5904.966641	-5889.644060	-15.322581	0.248786	0.232772	0.228444	0.289997
27700	-5898.596921	-5883.274170	-15.322751	0.222381	0.250263	0.257541	0.269816
27800	-5899.840146	-5884.519125	-15.321022	0.222381	0.250263	0.257541	0.269816
27900	-5897.515266	-5882.195683	-15.319583	0.222381	0.250263	0.257541	0.269816
28000	-5897.602179	-5882.283837	-15.318341	0.204346	0.228193	0.285143	0.282319
28100	-5903.165767	-5887.846828	-15.318939	0.198489	0.241364	0.265612	0.294535
28200	-5901.150928	-5885.829471	-15.321457	0.198489	0.241364	0.265612	0.294535
28300	-5899.773096	-5884.451513	-15.321583	0.232966	0.243468	0.278155	0.245411
28400	-5899.873991	-5884.552687	-15.321304	0.229090	0.183899	0.278768	0.308243
28500	-5896.511607	-5881.189102	-15.322505	0.233833	0.213494	0.242437	0.310236
28600	-5896.795913	-5881.471653	-15.324260	0.233833	0.213494	0.242437	0.310236
28700	-5896.162813	-5880.837255	-15.325558	0.233833	0.213494	0.242437	0.310236
28800	-5900.056891	-5884.733897	-15.322994	0.225124	0.245210	0.234427	0.295239
28900	-5901.238914	-5885.913104	-15.325810	0.230210	0.249884	0.231111	0.288795
29000	-5900.069746	-5884.741798	-15.327947	0.184314	0.242126	0.283579	0.289981
29100	-5904.675734	-5889.349024	-15.326710	0.236748	0.272171	0.216988	0.274093
29200	-5904.740962	-5889.419528	-15.321434	0.218286	0.220483	0.243060	0.318170
29300	-5899.078454	-5883.755108	-15.323346	0.190422	0.227314	0.270612	0.311652
29400	-5898.740986	-5883.418767	-15.322219	0.190422	0.227314	0.270612	0.311652
29500	-5899.538039	-5884.220205	-15.317833	0.201387	0.250612	0.244601	0.303400
29600	-5899.994905	-5884.684301	-15.310604	0.201387	0.250612	0.244601	0.303400
29700	-5902.534605	-5887.226235	-15.308370	0.245220	0.241788	0.232850	0.280142
29800	-5901.093479	-5885.789384	-15.304095	0.245220	0.241788	0.232850	0.280142
29900	-5898.309431	-5883.002797	-15.306634	0.245220	0.241788	0.232850	0.280142
30000	-5905.329692	-5890.020106	-15.309586	0.245764	0.248077	0.238187	0.267973
30100	-5901.898272	-5886.588522	-15.309750	0.196446	0.249916	0.253422	0.300216
30200	-5908.837777	-5893.523640	-15.314137	0.237768	0.255225	0.244235	0.262772
30300	-5901.073011	-5885.766110	-15.306901	0.237768	0.255225	0.244235	0.262772
30400	-5901.206435	-5885.902085	-15.304351	0.219147	0.215788	0.296865	0.268200
30500	-5898.460431	-5883.157246	-15.303184	0.221624	0.255416	0.227257	0.295702
30600	-5911.894185	-5896.594078	-15.300107	0.211638	0.255598	0.302960	0.229804
30700	-5902.455640	-5887.153773	-15.301866	0.182290	0.261427	0.255413	0.300870
30800	-5908.404013	-5893.094975	-15.309038	0.182290	0.261427	0.255413	0.300870
30900	-5902.996773	-5887.689623	-15.307151	0.190321	0.242171	0.235782	0.331725
31000	-5903.824834	-5888.517975	-15.306859	0.216286	0.265051	0.227715	0.290948
31100	-5899.741443	-5884.432012	-15.309431	0.217672	0.236934	0.222978	0.322416
31200	-5906.476010	-5891.166361	-15.309648	0.263424	0.231549	0.239727	0.265300
31300	-5903.126794	-5887.822487	-15.304307	0.263424	0.231549	0.239727	0.265300
31400	-5903.698323	-5888.394537	-15.303786	0.250652	0.232342	0.252355	0.264651
31500	-5904.239530	-5888.937625	-15.301905	0.186746	0.280409	0.254910	0.277934
31600	-5902.703001	-5887.400538	-15.302463	0.173850	0.232811	0.247682	0.345657
31700	-5899.816000	-5884.514836	-15.301164	0.223669	0.245838	0.231456	0.299038
31800	-5897.979340	-5882.678347	-15.300993	0.223669	0.245838	0.231456	0.299038
31900	-5899.390778	-5884.092866	-15.297913	0.223669	0.245838	0.231456	0.299038
32000	-5897.703336	-5882.406874	-15.296462	0.223669	0.245838	0.231456	0.299038
32100	-5899.804380	-5884.512875	-15.291505	0.223669	0.245838	0.231456	0.299038
32200	-5902.296044	-5887.006668	-15.289376	0.223669	0.245838	0.231456	0.299038
32300	-5898.226083	-5882.940650	-15.285432	0.188523	0.257002	0.255438	0.299037
32400	-5899.887145	-5884.597777	-15.289368	0.208531	0.239040	0.236609	0.315820
32500	-5899.665386	-5884.372879	-15.292506	0.188973	0.221398	0.285858	0.303771
32600	-5901.708309	-5886.407180	-15.301129	0.240881	0.224856	0.234750	0.299513
32700	-5901.393690	-5886.083977	-15.309713	0.240881	0.224856	0.234750	0.299513
32800	-5897.954468	-5882.650095	-15.304372	0.227900	0.226689	0.270462	0.274949
32900	-5905.143419	-5889.842332	-15.301087	0.191683	0.260530	0.280464	0.267323
33000	-5903.868160	-5888.566274	-15.301886	0.220625	0.225827	0.264812	0.288735
33100	-5909.881487	-5894.580811	-15.300675	0.205380	0.192423	0.289851	0.312346
33200	-5904.439852	-5889.142836	-15.297015	0.188509	0.234085	0.283078	0.294329
33300	-5903.956653	-5888.664087	-15.292566	0.213041	0.250941	0.233951	0.302067
33400	-5900.304171	-5885.011022	-15.293149	0.252784	0.251287	0.198475	0.297454
33500	-5900.410816	-5885.122492	-15.288324	0.235736	0.221095	0.274209	0.268960
33600	-5898.711293	-5883.427605	-15.283688	0.221711	0.259630	0.231214	0.287445
33700	-5905.124809	-5889.845113	-15.279696	0.209762	0.241803	0.286400	0.262034
33800	-5903.617818	-5888.338502	-15.279316	0.223174	0.221842	0.280477	0.274507
33900	-5900.811620	-5885.534659	-15.276962	0.223174	0.221842	0.280477	0.274507
34000	-5896.644890	-5881.368107	-15.276783	0.250962	0.219065	0.238063	0.291910
34100	-5901.293612	-5886.018583	-15.275029	0.213163	0.189687	0.282742	0.314408
34200	-5900.376815	-5885.087532	-15.289283	0.185189	0.222507	0.300837	0.291467
34300	-5900.927412	-5885.635622	-15.291790	0.227467	0.267981	0.213722	0.290829
34400	-5900.645687	-5885.352031	-15.293656	0.196675	0.201935	0.261873	0.339518
34500	-5896.872522	-5881.586146	-15.286376	0.199035	0.249415	0.244309	0.307240
34600	-5901.145510	-5885.860181	-15.285328	0.252707	0.219315	0.245437	0.282540
34700	-5896.469934	-5881.182844	-15.287090	0.215438	0.258400	0.228441	0.297721
34800	-5899.708123	-5884.425280	-15.282842	0.220860	0.237150	0.238221	0.303770
34900	-5898.279276	-5882.997607	-15.281669	0.242353	0.208994	0.236002	0.312651
35000	-5898.945095	-5883.663931	-15.281163	0.242353	0.208994	0.236002	0.312651
35100	-5897.765319	-5882.497205	-15.268113	0.229824	0.238505	0.229219	0.302452
35200	-5903.520320	-5888.257829	-15.262492	0.229824	0.238505	0.229219	0.302452
35300	-5904.389455	-5889.127681	-15.261774	0.223871	0.198608	0.304798	0.272723
35400	-5902.459863	-5887.197746	-15.262116	0.222922	0.267092	0.235527	0.274458
35500	-5904.031217	-5888.767602	-15.263616	0.237606	0.261559	0.222797	0.278038
35600	-5902.405038	-5887.136344	-15.268694	0.224086	0.233300	0.240648	0.301966
35700	-5901.790989	-5886.522041	-15.268948	0.214932	0.251992	0.263469	0.269607
35800	-5900.859493	-5885.587449	-15.272044	0.215334	0.251826	0.261618	0.271222
35900	-5898.547736	-5883.271799	-15.275938	0.207822	0.217279	0.279036	0.295864
36000	-5896.969907	-5881.686893	-15.283014	0.207822	0.217279	0.279036	0.295864
36100	-5899.499270	-5884.217644	-15.281626	0.221979	0.235817	0.233288	0.308916
36200	-5897.969419	-5882.686878	-15.282541	0.221979	0.235817	0.233288	0.308916
36300	-5897.533527	-5882.241829	-15.291698	0.221979	0.235817	0.233288	0.308916
36400	-5898.024640	-5882.735206	-15.289435	0.221979	0.235817	0.233288	0.308916
36500	-5899.283582	-5884.000764	-15.282818	0.221924	0.230928	0.282528	0.264619
36600	-5902.814543	-5887.531684	-15.282859	0.190792	0.262249	0.243901	0.303057
36700	-5904.161364	-5888.874810	-15.286554	0.166422	0.282250	0.273427	0.277902
36800	-5910.566970	-5895.280615	-15.286355	0.185873	0.309882	0.220365	0.283879
36900	-5899.529619	-5884.238999	-15.290619	0.223807	0.232621	0.281964	0.261609
37000	-5900.497195	-5885.200363	-15.296831	0.232448	0.216495	0.270100	0.280957
37100	-5899.835204	-5884.534897	-15.300308	0.220364	0.255387	0.248679	0.275571
37200	-5903.262875	-5887.960838	-15.302037	0.240171	0.208360	0.239450	0.312020
37300	-5899.158020	-5883.861324	-15.296696	0.240171	0.208360	0.239450	0.312020
37400	-5901.004560	-5885.706939	-15.297621	0.228455	0.264491	0.234576	0.272478
37500	-5902.398356	-5887.099498	-15.298858	0.228455	0.264491	0.234576	0.272478
37600	-5900.557235	-5885.256066	-15.301169	0.228455	0.264491	0.234576	0.272478
37700	-5898.296804	-5882.991236	-15.305568	0.246943	0.223935	0.213552	0.315570
37800	-5898.996479	-5883.687504	-15.308975	0.199968	0.240208	0.222308	0.337517
37900	-5896.407942	-5881.103617	-15.304325	0.213245	0.199817	0.258196	0.328742
38000	-5896.512020	-5881.203572	-15.308448	0.207063	0.263196	0.236120	0.293620
38100	-5898.190578	-5882.890152	-15.300426	0.200649	0.220089	0.288535	0.290726
38200	-5895.564093	-5880.259581	-15.304512	0.230603	0.222087	0.235632	0.311678
38300	-5901.625497	-5886.319916	-15.305581	0.189368	0.205288	0.286868	0.318476
38400	-5902.431730	-5887.130627	-15.301102	0.229722	0.209960	0.289778	0.270540
38500	-5899.741392	-5884.436930	-15.304462	0.227837	0.208384	0.257334	0.306445
38600	-5897.388930	-5882.081919	-15.307011	0.236673	0.219444	0.249388	0.294495
38700	-5901.563025	-5886.255590	-15.307435	0.240277	0.201402	0.270173	0.288149
38800	-5898.250142	-5882.940991	-15.309151	0.240277	0.201402	0.270173	0.288149
38900	-5897.331593	-5882.026353	-15.305241	0.183172	0.236151	0.248439	0.332238
39000	-5897.716220	-5882.407967	-15.308253	0.226313	0.201568	0.254535	0.317584
39100	-5899.270690	-5883.961437	-15.309253	0.255518	0.238733	0.199510	0.306238
39200	-5901.563976	-5886.251890	-15.312086	0.255518	0.238733	0.199510	0.306238
39300	-5900.306626	-5884.998554	-15.308072	0.242808	0.219030	0.227761	0.310401
39400	-5900.015341	-5884.713829	-15.301513	0.233261	0.234606	0.247104	0.285030
39500	-5905.964094	-5890.663488	-15.300606	0.233261	0.234606	0.247104	0.285030
39600	-5901.841257	-5886.537549	-15.303709	0.233261	0.234606	0.247104	0.285030
39700	-5901.840235	-5886.534305	-15.305930	0.203984	0.204632	0.270720	0.320664
39800	-5899.214366	-5883.910030	-15.304335	0.202392	0.218837	0.270097	0.308675
39900	-5903.080579	-5887.780896	-15.299683	0.219942	0.182443	0.288573	0.309042
40000	-5905.728772	-5890.430012	-15.298760	0.239308	0.222898	0.285676	0.252119
40100	-5904.819116	-5889.516646	-15.302470	0.195284	0.196322	0.266580	0.341814
40200	-5901.476962	-5886.177627	-15.299335	0.232049	0.204919	0.219346	0.343687
40300	-5903.151409	-5887.859523	-15.291886	0.231348	0.175890	0.267696	0.325066
40400	-5898.721414	-5883.432283	-15.289131	0.219092	0.203762	0.265660	0.311486
40500	-5900.715944	-5885.432026	-15.283918	0.204854	0.259520	0.259615	0.276011
40600	-5897.639337	-5882.356135	-15.283202	0.204854	0.259520	0.259615	0.276011
40700	-5900.456331	-5885.177827	-15.278504	0.187964	0.247425	0.261919	0.302691
40800	-5902.621246	-5887.341931	-15.279315	0.180977	0.247931	0.277853	0.293239
40900	-5904.647930	-5889.368416	-15.279514	0.217784	0.209813	0.268648	0.303755
41000	-5900.704585	-5885.423957	-15.280628	0.217784	0.209813	0.268648	0.303755
41100	-5896.451846	-5881.169656	-15.282190	0.229767	0.244100	0.242914	0.283218
41200	-5900.093180	-5884.810185	-15.282995	0.190970	0.267243	0.270157	0.271630
41300	-5899.626984	-5884.343275	-15.283710	0.198957	0.251511	0.232388	0.317144
41400	-5902.758868	-5887.473419	-15.285450	0.183014	0.233460	0.291781	0.291745
41500	-5901.047819	-5885.760792	-15.287027	0.221800	0.209993	0.251991	0.316215
41600	-5905.087301	-5889.797890	-15.289411	0.245937	0.230706	0.233415	0.289942
41700	-5902.451509	-5887.164726	-15.286783	0.217933	0.243233	0.225098	0.313736
41800	-5899.981152	-5884.695256	-15.285896	0.217933	0.243233	0.225098	0.313736
41900	-5899.115042	-5883.827314	-15.287728	0.226926	0.212640	0.239194	0.321239
42000	-5897.329975	-5882.044881	-15.285094	0.211178	0.237789	0.239737	0.311296
42100	-5904.167457	-5888.882073	-15.285385	0.211178	0.237789	0.239737	0.311296
42200	-5904.695654	-5889.418576	-15.277078	0.200133	0.195477	0.236778	0.367612
42300	-5902.488560	-5887.209884	-15.278677	0.235839	0.219964	0.233036	0.311161
42400	-5900.259208	-5884.973585	-15.285623	0.215212	0.225024	0.262109	0.297655
42500	-5902.750469	-5887.465410	-15.285058	0.219899	0.188729	0.269117	0.322254
42600	-5904.547834	-5889.263806	-15.284029	0.250723	0.235528	0.246866	0.266883
42700	-5900.601825	-5885.320826	-15.280999	0.238609	0.220602	0.229459	0.311330
42800	-5897.721872	-5882.436401	-15.285471	0.238609	0.220602	0.229459	0.311330
42900	-5899.801786	-5884.514504	-15.287282	0.225977	0.228187	0.256362	0.289474
43000	-5896.413475	-5881.125641	-15.287834	0.225977	0.228187	0.256362	0.289474
43100	-5898.373429	-5883.093141	-15.280288	0.228285	0.248673	0.244022	0.279019
43200	-5898.395088	-5883.112815	-15.282273	0.228285	0.248673	0.244022	0.279019
43300	-5901.211497	-5885.925606	-15.285891	0.236577	0.223824	0.235508	0.304092
43400	-5904.078837	-5888.801741	-15.277096	0.236577	0.223824	0.235508	0.304092
43500	-5900.219393	-5884.942447	-15.276946	0.236577	0.223824	0.235508	0.304092
43600	-5897.454308	-5882.182338	-15.271970	0.236577	0.223824	0.235508	0.304092
43700	-5901.406256	-5886.133583	-15.272673	0.224182	0.223142	0.221273	0.331403
43800	-5900.281963	-5885.008906	-15.273057	0.221910	0.281819	0.217733	0.278538
43900	-5897.632458	-5882.360909	-15.271550	0.231228	0.223419	0.272283	0.273069
44000	-5900.253207	-5884.980821	-15.272386	0.231228	0.223419	0.272283	0.273069
44100	-5899.949643	-5884.680307	-15.269336	0.239524	0.235261	0.227058	0.298157
44200	-5899.709870	-5884.439467	-15.270403	0.217339	0.211892	0.236999	0.333771
44300	-5904.186505	-5888.918960	-15.267546	0.250184	0.220432	0.266677	0.262707
44400	-5900.601525	-5885.330580	-15.270945	0.203022	0.255019	0.233022	0.308937
44500	-5901.330576	-5886.051089	-15.279487	0.228211	0.237422	0.268936	0.265430
44600	-5896.904039	-5881.619628	-15.284411	0.228211	0.237422	0.268936	0.265430
44700	-5901.407518	-5886.123626	-15.283892	0.206200	0.205881	0.290425	0.297495
44800	-5899.493308	-5884.209541	-15.283768	0.191840	0.213311	0.300174	0.294675
44900	-5902.599414	-5887.321275	-15.278138	0.205685	0.256999	0.214204	0.323113
45000	-5899.708848	-5884.434088	-15.274760	0.211011	0.243718	0.251871	0.293400
45100	-5897.609779	-5882.337554	-15.272225	0.211011	0.243718	0.251871	0.293400
45200	-5899.872494	-5884.602140	-15.270354	0.218360	0.209060	0.248176	0.324404
45300	-5898.911512	-5883.641911	-15.269601	0.260102	0.198166	0.237171	0.304561
45400	-5900.955123	-5885.686212	-15.268912	0.267603	0.209464	0.254045	0.268888
45500	-5901.696088	-5886.430931	-15.265157	0.176543	0.253503	0.253281	0.316673
45600	-5904.857735	-5889.593275	-15.264460	0.185477	0.236388	0.295245	0.282891
45700	-5901.130600	-5885.863135	-15.267465	0.212003	0.217441	0.262659	0.307897
45800	-5897.644145	-5882.371198	-15.272947	0.212003	0.217441	0.262659	0.307897
45900	-5897.101457	-5881.825461	-15.275996	0.193639	0.243980	0.271205	0.291176
46000	-5900.727079	-5885.452889	-15.274190	0.203887	0.279966	0.239138	0.277009
46100	-5899.110600	-5883.832881	-15.277719	0.209511	0.235647	0.235382	0.319461
46200	-5904.053019	-5888.769205	-15.283813	0.259791	0.250884	0.239068	0.250258
46300	-5902.387664	-5887.111144	-15.276520	0.200795	0.191325	0.270645	0.337235
46400	-5901.634184	-5886.357278	-15.276906	0.215191	0.193843	0.266030	0.324936
46500	-5898.681905	-5883.402663	-15.279243	0.205753	0.214941	0.294793	0.284513
46600	-5905.180970	-5889.906720	-15.274250	0.205753	0.214941	0.294793	0.284513
46700	-5908.779380	-5893.506057	-15.273323	0.202145	0.229320	0.243837	0.324697
46800	-5897.080946	-5881.808940	-15.272006	0.202145	0.229320	0.243837	0.324697
46900	-5897.703331	-5882.431301	-15.272029	0.202145	0.229320	0.243837	0.324697
47000	-5899.272833	-5883.998442	-15.274391	0.232651	0.222538	0.225077	0.319734
47100	-5901.516082	-5886.238366	-15.277716	0.223996	0.197177	0.275865	0.302962
47200	-5897.941050	-5882.657886	-15.283164	0.238909	0.195407	0.247074	0.318610
47300	-5900.379712	-5885.101028	-15.278684	0.214017	0.255137	0.254310	0.276535
47400	-5905.994830	-5890.711543	-15.283287	0.229566	0.241164	0.213499	0.315772
47500	-5898.467442	-5883.184162	-15.283280	0.229566	0.241164	0.213499	0.315772
47600	-5896.038531	-5880.757690	-15.280841	0.212739	0.235077	0.274073	0.278111
47700	-5904.342924	-5889.057180	-15.285743	0.212739	0.235077	0.274073	0.278111
47800	-5895.419569	-5880.131746	-15.287823	0.212739	0.235077	0.274073	0.278111
47900	-5898.588035	-5883.300983	-15.287052	0.202959	0.241150	0.241375	0.314516
48000	-5903.083465	-5887.796271	-15.287193	0.232886	0.262092	0.256046	0.248975
48100	-5902.403098	-5887.127708	-15.275391	0.217443	0.274787	0.264135	0.243634
48200	-5902.021233	-5886.742275	-15.278959	0.236460	0.241706	0.270369	0.251464
48300	-5899.193640	-5883.916957	-15.276683	0.228537	0.240805	0.233465	0.297193
48400	-5904.613256	-5889.336569	-15.276687	0.263609	0.203058	0.270310	0.263023
48500	-5900.993126	-5885.720703	-15.272423	0.263609	0.203058	0.270310	0.263023
48600	-5903.002743	-5887.724472	-15.278271	0.191686	0.191395	0.287146	0.329774
48700	-5900.363407	-5885.083509	-15.279898	0.189926	0.220435	0.320121	0.269518
48800	-5898.218358	-5882.941953	-15.276405	0.215702	0.230406	0.277013	0.276879
48900	-5897.662265	-5882.380409	-15.281855	0.257506	0.215326	0.247332	0.279836
49000	-5901.624255	-5886.343352	-15.280903	0.224454	0.240344	0.217507	0.317694
49100	-5897.392707	-5882.114095	-15.278612	0.199636	0.243344	0.243205	0.313814
49200	-5899.601462	-5884.329149	-15.272313	0.199757	0.229885	0.249562	0.320796
49300	-5899.584732	-5884.311450	-15.273283	0.199757	0.229885	0.249562	0.320796
49400	-5902.982990	-5887.719814	-15.263175	0.199757	0.229885	0.249562	0.320796
49500	-5900.309836	-5885.048465	-15.261371	0.201864	0.219904	0.251788	0.326444
49600	-5897.899880	-5882.645487	-15.254393	0.197966	0.263032	0.244129	0.294873
49700	-5899.168189	-5883.912495	-15.255694	0.197966	0.263032	0.244129	0.294873
49800	-5900.471672	-5885.216677	-15.254995	0.232486	0.199682	0.239505	0.328327
49900	-5898.590972	-5883.343123	-15.247849	0.234734	0.238917	0.243368	0.282982
50000	-5898.336698	-5883.089859	-15.246839	0.207497	0.220076	0.275726	0.296701
